// Jest Snapshot v1, https://goo.gl/fbAQLP

exports[`Converter page should render correctly 1`] = `
<Provider
  store={
    Object {
      "clearActions": [Function],
      "dispatch": [Function],
      "getActions": [Function],
      "getState": [Function],
      "replaceReducer": [Function],
      "subscribe": [Function],
    }
  }
>
  <ConverterPage
    currency={
      Object {
        "currency": Array [
          Object {
            "baseCcy": "UAH",
            "buy": "27.05000",
            "ccy": "USD",
            "sale": "27.45000",
          },
          Object {
            "baseCcy": "UAH",
            "buy": "31.85000",
            "ccy": "EUR",
            "sale": "32.45000",
          },
          Object {
            "baseCcy": "UAH",
            "buy": "1",
            "ccy": "UAH",
            "sale": "1",
          },
          Object {
            "baseCcy": "UAH",
            "buy": "0.35000",
            "ccy": "RUR",
            "sale": "0.38000",
          },
          Object {
            "baseCcy": "USD",
            "buy": "31125.3298",
            "ccy": "BTC",
            "sale": "34401.6803",
          },
        ],
        "error": "string",
        "isLoadingCurrency": false,
      }
    }
  >
    <styled.div>
      <div
        className="sc-bqGGPW jzYdPK"
      >
        <styled.div>
          <div
            className="sc-dIvrsQ kIKOvq"
          >
            Converter:
          </div>
        </styled.div>
        <InputValuesGroup
          baseCurrency="UAH"
          handleChangeCurrency={[Function]}
          handleChangeInput={[Function]}
        >
          <Styled(Component)
            className="m-auto"
          >
            <ForwardRef(InputGroup)
              className="sc-fnVZcZ ceSpry m-auto"
            >
              <div
                className="sc-fnVZcZ ceSpry m-auto input-group"
              >
                <Formik
                  initialValues={
                    Object {
                      "amount": "",
                      "currency": "UAH",
                    }
                  }
                  onSubmit={[Function]}
                  validate={[Function]}
                >
                  <form>
                    <styled.input
                      data-testid="input"
                      name="amount"
                      onChange={[Function]}
                      placeholder="input value"
                      type="number"
                      value=""
                    >
                      <input
                        className="sc-hBMUJo gCIqZs"
                        data-testid="input"
                        name="amount"
                        onChange={[Function]}
                        placeholder="input value"
                        type="number"
                        value=""
                      />
                    </styled.input>
                    <styled.select
                      defaultValue="UAH"
                      name="currency"
                      onChange={[Function]}
                    >
                      <select
                        className="sc-bkbkJK bTnLfD"
                        defaultValue="UAH"
                        name="currency"
                        onChange={[Function]}
                      >
                        <styled.option
                          key="USD"
                          value="USD"
                        >
                          <option
                            className="sc-fFSPTT kWHaHm"
                            value="USD"
                          >
                            USD
                          </option>
                        </styled.option>
                        <styled.option
                          key="EUR"
                          value="EUR"
                        >
                          <option
                            className="sc-fFSPTT kWHaHm"
                            value="EUR"
                          >
                            EUR
                          </option>
                        </styled.option>
                        <styled.option
                          key="UAH"
                          value="UAH"
                        >
                          <option
                            className="sc-fFSPTT kWHaHm"
                            value="UAH"
                          >
                            UAH
                          </option>
                        </styled.option>
                        <styled.option
                          key="RUR"
                          value="RUR"
                        >
                          <option
                            className="sc-fFSPTT kWHaHm"
                            value="RUR"
                          >
                            RUR
                          </option>
                        </styled.option>
                        <styled.option
                          key="BTC"
                          value="BTC"
                        >
                          <option
                            className="sc-fFSPTT kWHaHm"
                            value="BTC"
                          >
                            BTC
                          </option>
                        </styled.option>
                      </select>
                    </styled.select>
                  </form>
                </Formik>
              </div>
            </ForwardRef(InputGroup)>
          </Styled(Component)>
        </InputValuesGroup>
        <ConvertCurrency
          baseCurrency="UAH"
          convertedValue={0}
        >
          <Styled(Component)
            bordered={true}
            hover={true}
            striped={true}
          >
            <ForwardRef
              bordered={true}
              className="sc-iemWCZ cunngp"
              hover={true}
              striped={true}
            >
              <table
                className="sc-iemWCZ cunngp table table-striped table-bordered table-hover"
              >
                <thead>
                  <tr>
                    <th>
                      Converted Value
                    </th>
                    <th>
                      Currency
                    </th>
                  </tr>
                </thead>
                <tbody>
                  <tr
                    key="USD"
                  >
                    <td
                      className="p-lg-3"
                      id="convertedValue"
                    >
                      0.000
                    </td>
                    <td
                      className="w-25 p-lg-2"
                      id="emblem"
                    >
                      USD
                    </td>
                  </tr>
                  <tr
                    key="EUR"
                  >
                    <td
                      className="p-lg-3"
                      id="convertedValue"
                    >
                      0.000
                    </td>
                    <td
                      className="w-25 p-lg-2"
                      id="emblem"
                    >
                      EUR
                    </td>
                  </tr>
                  <tr
                    key="RUR"
                  >
                    <td
                      className="p-lg-3"
                      id="convertedValue"
                    >
                      0.000
                    </td>
                    <td
                      className="w-25 p-lg-2"
                      id="emblem"
                    >
                      RUR
                    </td>
                  </tr>
                  <tr
                    key="BTC"
                  >
                    <td
                      className="p-lg-3"
                      id="convertedValue"
                    >
                      0.000
                    </td>
                    <td
                      className="w-25 p-lg-2"
                      id="emblem"
                    >
                      BTC
                    </td>
                  </tr>
                </tbody>
              </table>
            </ForwardRef>
          </Styled(Component)>
        </ConvertCurrency>
      </div>
    </styled.div>
  </ConverterPage>
</Provider>
`;
