// Jest Snapshot v1, https://goo.gl/fbAQLP

exports[`Header should render correctly 1`] = `
<Styled(Row)>
  Best converter & valid currency course
</Styled(Row)>
`;
